Turbo Assembler	 Version 2.0	    11/29/15 18:56:30	    Page 1
src\acs\lab9.asm



      1	    0000				 .model	small
      2	    0000				 .stack	100h
      3						 .386
      4	    0000				 .data
      5	    0000				 .code
      6
      7	    0000			 asc	 proc
      8	    0000  80 C2	30			 add	 dl, 30h
      9	    0003  80 FA	39			 cmp	 dl, 39h
     10	    0006  7E 05	90 90			 jle	 l1
     11	    000A  80 C2	07			 add	 dl, 07h
     12	    000D  C3			 l1:	 ret
     13	    000E			 asc	 endp
     14
     15	    000E			 setpg	 proc
     16	    000E  60				 pusha
     17	    000F  B4 05				 mov	 ah, 05
     18	    0011  B0 01				 mov	 al, 1
     19	    0013  CD 10				 int	 10h
     20	    0015  61				 popa
     21	    0016  C3				 ret
     22	    0017			 setpg	 endp
     23
     24	    0017			 retpg	 proc
     25	    0017  60				 pusha
     26	    0018  B4 05				 mov	 ah, 05
     27	    001A  B0 00				 mov	 al, 0
     28	    001C  CD 10				 int	 10h
     29	    001E  61				 popa
     30	    001F  C3				 ret
     31	    0020			 retpg	 endp
     32
     33	    0020  B8 0000s		 start:	 mov	 ax, @data
     34	    0023  8E D8				 mov	 ds, ax
     35
     36	    0025  B8 B900			 mov	 ax, 0B900h
     37	    0028  8E C0				 mov	 es, ax
     38
     39	    002A  B9 0069r			 mov	 cx, offset endm
     40	    002D  81 E9	0020r			 sub	 cx, offset start
     41
     42	    0031  E8 FFDA			 call	 setpg
     43
     44	    0034  33 FF				 xor	 di, di
     45	    0036  33 C0			 l2:	 xor	 ax, ax
     46	    0038  2E: 8A 05			 mov	 al, cs:[di]
     47	    003B  B3 10				 mov	 bl, 16
     48	    003D  F6 F3				 div	 bl
     49	    003F  8A D0				 mov	 dl, al
     50	    0041  E8 FFBC			 call	 asc
     51	    0044  26: 88 15			 mov	 es:[di], dl
     52	    0047  47				 inc	 di
     53	    0048  26: C7 05 000F		 mov	 es:[di], 0fh
*Warning* src\acs\lab9.asm(53) Argument	needs type override
     54	    004D  47				 inc	 di
     55	    004E  8A D4				 mov	 dl, ah
     56	    0050  E8 FFAD			 call	 asc
Turbo Assembler	 Version 2.0	    11/29/15 18:56:30	    Page 2
src\acs\lab9.asm



     57	    0053  26: 88 15			 mov	 es:[di], dl
     58	    0056  47				 inc	 di
     59	    0057  26: C7 05 000F		 mov	 es:[di], 0fh
*Warning* src\acs\lab9.asm(59) Argument	needs type override
     60	    005C  47				 inc	 di
     61	    005D  E2 D7				 loop	 l2
     62
     63	    005F  B4 01				 mov	 ah, 01h
     64	    0061  CD 21				 int	 21h
     65	    0063  E8 FFB1			 call	 retpg
     66
     67	    0066  B8 4C00			 mov	 ax, 4C00h
     68	    0069  CD 21			 endm:	 int	 21h
*Warning* src\acs\lab9.asm(68) Reserved	word used as symbol: ENDM
     69
     70						 end	 start
Turbo Assembler	 Version 2.0	    11/29/15 18:56:30	    Page 3
Symbol Table




Symbol Name			  Type	 Value

??DATE				  Text	 "11/29/15"
??FILENAME			  Text	 "lab9	  "
??TIME				  Text	 "18:56:29"
??VERSION			  Number 0200
@CODE				  Text	 _TEXT
@CODESIZE			  Text	 0
@CPU				  Text	 0D0FH
@CURSEG				  Text	 _TEXT
@DATA				  Text	 DGROUP
@DATASIZE			  Text	 0
@FILENAME			  Text	 LAB9
@MODEL				  Text	 2
@WORDSIZE			  Text	 2
ASC				  Near	 _TEXT:0000
ENDM				  Near	 _TEXT:0069
L1				  Near	 _TEXT:000D
L2				  Near	 _TEXT:0036
RETPG				  Near	 _TEXT:0017
SETPG				  Near	 _TEXT:000E
START				  Near	 _TEXT:0020

Groups & Segments		  Bit Size Align  Combine Class

DGROUP				  Group
  STACK				  16  0100 Para	  Stack	  STACK
  _DATA				  16  0000 Word	  Public  DATA
_TEXT				  16  006B Word	  Public  CODE
Turbo Assembler	 Version 2.0	    11/29/15 18:56:30	    Page 4
Error Summary



*Warning* src\acs\lab9.asm(53) Argument	needs type override
*Warning* src\acs\lab9.asm(59) Argument	needs type override
*Warning* src\acs\lab9.asm(68) Reserved	word used as symbol: ENDM
