Turbo Assembler	 Version 2.0	    11/26/15 21:30:20	    Page 1
src\acs\task1.asm



      1	    0000				 .model	 tiny
      2	    0000				 .code
      3						 .386
      4						 org	 100h
      5
      6	    0100  E9 0234		 _beg:	 jmp	 _start							   ; 1100100000100011
      7														   ; FEDCBA9876543210
      8	    0103  4E 75	6D 62 65 72 20+		 msg_printers	 db "Number of printers	installed . . .	. . . .	$" ; xx..............
      9		  6F 66	20 70 72 69 6E+
     10		  74 65	72 73 20 69 6E+
     11		  73 74	61 6C 6C 65 64+
     12		  20 2E	20 2E 20 2E 20+
     13		  2E 20	2E 20 2E 20 2E+
     14		  20 24
     15	    012F  49 6E	74 65 72 6E 61+		 msg_modem	 db "Internal modem installed .	. . . .	. . . .	$" ; ..x.............
     16		  6C 20	6D 6F 64 65 6D+
     17		  20 69	6E 73 74 61 6C+
     18		  6C 65	64 20 2E 20 2E+
     19		  20 2E	20 2E 20 2E 20+
     20		  2E 20	2E 20 2E 20 2E+
     21		  20 24
     22	    015B  47 61	6D 65 20 61 64+		 msg_gameadpt	 db "Game adapter installed . .	. . . .	. . . .	$" ; ...x............
     23		  61 70	74 65 72 20 69+
     24		  6E 73	74 61 6C 6C 65+
     25		  64 20	2E 20 2E 20 2E+
     26		  20 2E	20 2E 20 2E 20+
     27		  2E 20	2E 20 2E 20 2E+
     28		  20 24
     29	    0187  4E 75	6D 62 65 72 20+		 msg_ports	 db "Number of serial ports . .	. . . .	. . . .	$" ; ....xxx.........
     30		  6F 66	20 73 65 72 69+
     31		  61 6C	20 70 6F 72 74+
     32		  73 20	2E 20 2E 20 2E+
     33		  20 2E	20 2E 20 2E 20+
     34		  2E 20	2E 20 2E 20 2E+
     35		  20 24
     36	    01B3  52 65	73 65 72 76 65+		 rsrvd2		 db "Reserved .	. . . .	. . . .	. . . .	. . . .	$" ; .......x........
     37		  64 20	2E 20 2E 20 2E+
     38		  20 2E	20 2E 20 2E 20+
     39		  2E 20	2E 20 2E 20 2E+
     40		  20 2E	20 2E 20 2E 20+
     41		  2E 20	2E 20 2E 20 2E+
     42		  20 24
     43	    01DF  4E 75	6D 62 65 72 20+		 msg_diskettes	 db "Number of diskettes  . . .	. . . .	. . . .	$" ; ........xx......
     44		  6F 66	20 64 69 73 6B+
     45		  65 74	74 65 73 20 20+
     46		  2E 20	2E 20 2E 20 2E+
     47		  20 2E	20 2E 20 2E 20+
     48		  2E 20	2E 20 2E 20 2E+
     49		  20 24
     50	    020B  49 6E	69 74 69 61 6C+		 msg_vmode	 db "Initial video mode	. . . .	. . . .	. . . .	$" ; ..........xx....
     51		  20 76	69 64 65 6F 20+
     52		  6D 6F	64 65 20 2E 20+
     53		  2E 20	2E 20 2E 20 2E+
     54		  20 2E	20 2E 20 2E 20+
     55		  2E 20	2E 20 2E 20 2E+
     56		  20 24
     57	    0237  52 65	73 65 72 76 65+		 rsrvd1		 db "Reserved .	. . . .	. . . .	. . . .	. . . .	$" ; ............x...
Turbo Assembler	 Version 2.0	    11/26/15 21:30:20	    Page 2
src\acs\task1.asm



     58		  64 20	2E 20 2E 20 2E+
     59		  20 2E	20 2E 20 2E 20+
     60		  2E 20	2E 20 2E 20 2E+
     61		  20 2E	20 2E 20 2E 20+
     62		  2E 20	2E 20 2E 20 2E+
     63		  20 24
     64	    0263  52 65	73 65 72 76 65+		 rsrvd0		 db "Reserved .	. . . .	. . . .	. . . .	. . . .	$" ; .............x..
     65		  64 20	2E 20 2E 20 2E+
     66		  20 2E	20 2E 20 2E 20+
     67		  2E 20	2E 20 2E 20 2E+
     68		  20 2E	20 2E 20 2E 20+
     69		  2E 20	2E 20 2E 20 2E+
     70		  20 24
     71	    028F  4D 61	74 68 20 63 6F+		 msg_soprocc	 db "Math coprocessor .	. . . .	. . . .	. . . .	$" ; ..............x.
     72		  70 72	6F 63 65 73 73+
     73		  6F 72	20 2E 20 2E 20+
     74		  2E 20	2E 20 2E 20 2E+
     75		  20 2E	20 2E 20 2E 20+
     76		  2E 20	2E 20 2E 20 2E+
     77		  20 24
     78	    02BB  46 6C	6F 70 70 79 20+		 msg_fdisk	 db "Floppy drive installed . .	. . . .	. . . .	$" ; ...............x
     79		  64 72	69 76 65 20 69+
     80		  6E 73	74 61 6C 6C 65+
     81		  64 20	2E 20 2E 20 2E+
     82		  20 2E	20 2E 20 2E 20+
     83		  2E 20	2E 20 2E 20 2E+
     84		  20 24
     85
     86	    02E7  4D 65	6D 6F 72 79 20+		 msg_mem	 db "Memory size  . . .	. . . .	. . . .	. . . .	$"
     87		  73 69	7A 65 20 20 2E+
     88		  20 2E	20 2E 20 2E 20+
     89		  2E 20	2E 20 2E 20 2E+
     90		  20 2E	20 2E 20 2E 20+
     91		  2E 20	2E 20 2E 20 2E+
     92		  20 24
     93
     94	    0313  02BBr				 msgs		 dw offset msg_fdisk
     95	    0315  028Fr						 dw offset msg_soprocc
     96	    0317  0263r						 dw offset rsrvd0
     97	    0319  0237r						 dw offset rsrvd1
     98	    031B  020Br						 dw offset msg_vmode
     99	    031D  01DFr						 dw offset msg_diskettes
    100	    031F  01B3r						 dw offset rsrvd2
    101	    0321  0187r						 dw offset msg_ports
    102	    0323  015Br						 dw offset msg_gameadpt
    103	    0325  012Fr						 dw offset msg_modem
    104	    0327  0103r						 dw offset msg_printers
    105
    106
    107	    0329  02 01	01 03 01 02 02+		 bits		 db 2, 1, 1, 3,	1, 2, 2, 1, 1, 1, 1
    108		  01 01	01 01
    109	    0334  0A 0D	24			 nl		 db 0Ah, 0Dh, '$'
    110
    111	    0337			 _start:
    112	    0337  CD 11				 int	 11h
    113						 ;mov ax, 1100100000100011b
    114
Turbo Assembler	 Version 2.0	    11/26/15 21:30:20	    Page 3
src\acs\task1.asm



    115	    0339  33 F6				 xor	 si, si
    116	    033B  B9 000B			 mov	 cx, 11
    117	    033E  51			 _lbl1:	 push	 cx
    118	    033F  8A 8C	0329r			 mov	 cl, bits[si]
    119	    0343  0F A5	C3			 shld	 bx, ax, cl
    120	    0346  D3 E0				 shl	 ax, cl
    121	    0348  46				 inc	 si
    122	    0349  59				 pop	 cx
    123	    034A  83 C3	30			 add	 bx, 30h
    124	    034D  53				 push	 bx
    125	    034E  33 DB				 xor	 bx, bx
    126	    0350  E2 EC				 loop	 _lbl1
    127
    128	    0352  B9 000B			 mov	 cx, 11
    129	    0355  BE 0000			 mov	 si, 0
    130	    0358  B4 09				 mov	 ah, 09h
    131	    035A  BA 0334r			 mov	 dx, offset nl
    132	    035D  CD 21				 int	 21h
    133	    035F  B4 09			 _lbl2:	 mov	 ah, 09h
    134	    0361  8B 94	0313r			 mov	 dx, msgs[si]
    135	    0365  83 C6	02			 add	 si, 2
    136	    0368  CD 21				 int	 21h
    137	    036A  B4 02				 mov	 ah, 02h
    138	    036C  5A				 pop	 dx
    139	    036D  CD 21				 int	 21h
    140	    036F  B4 09				 mov	 ah, 09h
    141	    0371  BA 0334r			 mov	 dx, offset nl
    142	    0374  CD 21				 int	 21h
    143	    0376  E2 E7				 loop	 _lbl2
    144
    145	    0378  B4 09				 mov	 ah, 09h
    146	    037A  BA 02E7r			 lea	 dx, msg_mem
    147	    037D  CD 21				 int	 21h
    148	    037F  CD 12				 int	 12h
    149	    0381  BB 000A			 mov	 bx, 10
    150	    0384  E8 0015			 call	 printax
    151	    0387  B4 09				 mov	 ah, 09h
    152	    0389  BA 0334r			 lea	 dx, nl
    153	    038C  CD 21				 int	 21h
    154
    155	    038E			 toasc proc
    156	    038E  80 C2	30			 add	 dl, 30h
    157	    0391  80 FA	39			 cmp	 dl, 39h
    158	    0394  7E 05	90 90			 jle	 _d2a
    159	    0398  80 C2	07			 add	 dl, 07h
    160	    039B  C3			 _d2a:	 ret
    161	    039C			 toasc endp
    162
    163					 ; Вывод символа из dl
    164	    039C			 printax proc
    165	    039C  60				 pusha
    166	    039D  33 C9				 xor	 cx, cx
    167
    168	    039F  3D 0000			 cmp	 ax, 0
    169	    03A2  75 05	90 90			 jne	 _lbl3
    170	    03A6  6A 30				 push	 "0"
    171	    03A8  41				 inc	 cx
Turbo Assembler	 Version 2.0	    11/26/15 21:30:20	    Page 4
src\acs\task1.asm



    172
    173	    03A9  3D 0000		 _lbl3:	 cmp	 ax, 0
    174	    03AC  74 0D	90 90			 je	 _lbl4
    175	    03B0  33 D2				 xor	 dx, dx
    176	    03B2  F7 F3				 div	 bx
    177	    03B4  E8 FFD7			 call	 toasc
    178	    03B7  52				 push	 dx
    179	    03B8  41				 inc	 cx
    180	    03B9  EB EE				 jmp	 _lbl3
    181	    03BB  B4 02			 _lbl4:	 mov	 ah, 02h
    182
    183	    03BD  5A			 _lbl5:	 pop	 dx
    184	    03BE  CD 21				 int	 21h
    185	    03C0  E2 FB				 loop	 _lbl5
    186
    187	    03C2  61				 popa
    188	    03C3  C3				 ret
    189	    03C4			 printax endp
    190						 end	 _beg
Turbo Assembler	 Version 2.0	    11/26/15 21:30:20	    Page 5
Symbol Table




Symbol Name			  Type	 Value

??DATE				  Text	 "11/26/15"
??FILENAME			  Text	 "task1	  "
??TIME				  Text	 "21:30:20"
??VERSION			  Number 0200
@CODE				  Text	 DGROUP
@CODESIZE			  Text	 0
@CPU				  Text	 0D0FH
@CURSEG				  Text	 _TEXT
@DATA				  Text	 DGROUP
@DATASIZE			  Text	 0
@FILENAME			  Text	 TASK1
@MODEL				  Text	 1
@WORDSIZE			  Text	 4
BITS				  Byte	 DGROUP:0329
MSGS				  Word	 DGROUP:0313
MSG_DISKETTES			  Byte	 DGROUP:01DF
MSG_FDISK			  Byte	 DGROUP:02BB
MSG_GAMEADPT			  Byte	 DGROUP:015B
MSG_MEM				  Byte	 DGROUP:02E7
MSG_MODEM			  Byte	 DGROUP:012F
MSG_PORTS			  Byte	 DGROUP:0187
MSG_PRINTERS			  Byte	 DGROUP:0103
MSG_SOPROCC			  Byte	 DGROUP:028F
MSG_VMODE			  Byte	 DGROUP:020B
NL				  Byte	 DGROUP:0334
PRINTAX				  Near	 DGROUP:039C
RSRVD0				  Byte	 DGROUP:0263
RSRVD1				  Byte	 DGROUP:0237
RSRVD2				  Byte	 DGROUP:01B3
TOASC				  Near	 DGROUP:038E
_BEG				  Near	 DGROUP:0100
_D2A				  Near	 DGROUP:039B
_LBL1				  Near	 DGROUP:033E
_LBL2				  Near	 DGROUP:035F
_LBL3				  Near	 DGROUP:03A9
_LBL4				  Near	 DGROUP:03BB
_LBL5				  Near	 DGROUP:03BD
_START				  Near	 DGROUP:0337

Groups & Segments		  Bit Size Align  Combine Class

DGROUP				  Group
  _DATA				  16  0000 Word	  Public  DATA
  _TEXT				  16  03C4 Word	  Public  CODE
