Turbo Assembler	 Version 2.0	    11/13/15 08:40:33	    Page 1
src\acs\task2.asm



      1	    0000				 .model	 tiny
      2	    0000				 .code
      3						 .386
      4						 org	 100h
      5
      6	    0100  EB 40	90		 beg:	 jmp	 start
      7	    0103  43 75	72 72 65 6E 74+		 curr_date_msg	 db "Current time $"
      8		  20 74	69 6D 65 20 24
      9	    0111  45 6E	74 65 72 20 68+		 hours_set_msg	 db "Enter hours: $"
     10		  6F 75	72 73 3A 20 24
     11	    011F  45 6E	74 65 72 20 6D+		 mins_set_msg	 db "Enter minutes: $"
     12		  69 6E	75 74 65 73 3A+
     13		  20 24
     14	    012F  45 6E	74 65 72 20 73+		 secs_set_msg	 db "Enter seconds: $"
     15		  65 63	6F 6E 64 73 3A+
     16		  20 24
     17	    013F  0A 0D	24			 nl		 db 0Ah, 0Dh, '$'
     18
     19
     20	    0142  BA 0103r		 start:	 lea	 dx, curr_date_msg
     21	    0145  B4 09				 mov	 ah, 09
     22	    0147  CD 21				 int	 21h
     23
     24	    0149  B4 02				 mov	 ah, 02h
     25	    014B  CD 1A				 int	 1ah
     26	    014D  52				 push	 dx
     27
     28	    014E  BB 0010			 mov	 bx, 10h
     29
     30	    0151  33 C0				 xor	 ax, ax
     31	    0153  8A C5				 mov	 al, ch
     32	    0155  E8 006C			 call	 printax
     33	    0158  33 C0				 xor	 ax, ax
     34	    015A  BA 003A			 mov	 dx, ":"
     35	    015D  B4 02				 mov	 ah, 02h
     36	    015F  CD 21				 int	 21h
     37
     38	    0161  33 C0				 xor	 ax, ax
     39	    0163  8A C1				 mov	 al, cl
     40	    0165  E8 005C			 call	 printax
     41	    0168  BA 003A			 mov	 dx, ":"
     42	    016B  B4 02				 mov	 ah, 02h
     43	    016D  CD 21				 int	 21h
     44
     45	    016F  33 C0				 xor	 ax, ax
     46	    0171  5A				 pop	 dx
     47	    0172  8A C6				 mov	 al, dh
     48	    0174  E8 004D			 call	 printax
     49
     50	    0177  BA 013Fr			 lea	 dx, nl
     51	    017A  B4 09				 mov	 ah, 09
     52	    017C  CD 21				 int	 21h
     53	    017E  CD 21				 int	 21h
     54
     55	    0180  BA 0111r			 lea	 dx, hours_set_msg
     56	    0183  CD 21				 int	 21h
     57	    0185  E8 0058			 call	 scan
Turbo Assembler	 Version 2.0	    11/13/15 08:40:33	    Page 2
src\acs\task2.asm



     58	    0188  33 C0				 xor	 ax, ax
     59	    018A  8A EA				 mov	 ch, dl
     60	    018C  BA 013Fr			 lea	 dx, nl
     61	    018F  B4 09				 mov	 ah, 09h
     62	    0191  CD 21				 int	 21h
     63
     64	    0193  BA 011Fr			 lea	 dx, mins_set_msg
     65	    0196  CD 21				 int	 21h
     66	    0198  E8 0045			 call	 scan
     67	    019B  33 C0				 xor	 ax, ax
     68	    019D  8A CA				 mov	 cl, dl
     69	    019F  BA 013Fr			 lea	 dx, nl
     70	    01A2  B4 09				 mov	 ah, 09h
     71	    01A4  CD 21				 int	 21h
     72
     73	    01A6  BA 012Fr			 lea	 dx, secs_set_msg
     74	    01A9  CD 21				 int	 21h
     75	    01AB  E8 0032			 call	 scan
     76	    01AE  33 C0				 xor	 ax, ax
     77	    01B0  8A F2				 mov	 dh, dl
     78	    01B2  BA 013Fr			 lea	 dx, nl
     79	    01B5  B4 09				 mov	 ah, 09h
     80	    01B7  CD 21				 int	 21h
     81
     82	    01B9  B4 03				 mov	 ah, 03h
     83	    01BB  CD 1A				 int	 1ah
     84	    01BD  EB 83				 jmp	 start
     85
     86	    01BF  B8 4C00			 mov	 ax, 4c00h
     87	    01C2  CD 21				 int	 21h
     88
     89					 ;Вывод символа из dl
     90	    01C4			 printax proc
     91	    01C4  60				 pusha
     92
     93	    01C5  33 D2				 xor	 dx, dx
     94	    01C7  F7 F3				 div	 bx
     95	    01C9  52				 push	 dx
     96
     97	    01CA  33 D2				 xor	 dx, dx
     98	    01CC  F7 F3				 div	 bx
     99	    01CE  52				 push	 dx
    100
    101	    01CF  33 C9				 xor	 cx, cx
    102	    01D1  B9 0002			 mov	 cx, 2
    103	    01D4  B4 02				 mov	 ah, 02h
    104	    01D6  5A			 _lbl5:	 pop	 dx
    105	    01D7  80 C2	30			 add	 dl, 30h
    106	    01DA  CD 21				 int	 21h
    107	    01DC  E2 F8				 loop	 _lbl5
    108
    109	    01DE  61				 popa
    110	    01DF  C3				 ret
    111
    112	    01E0			 printax endp
    113
    114					 ; Считывание	числа в dl
Turbo Assembler	 Version 2.0	    11/13/15 08:40:33	    Page 3
src\acs\task2.asm



    115	    01E0			 scan	 proc
    116	    01E0  B4 01				 mov	 ah, 01h
    117	    01E2  CD 21				 int	 21h
    118	    01E4  8A D0				 mov	 dl, al
    119	    01E6  80 EA	30			 sub	 dl, 30h
    120	    01E9  B1 04				 mov	 cl, 04h
    121	    01EB  D2 E2				 shl	 dl, cl
    122	    01ED  CD 21				 int	 21h
    123	    01EF  2C 30				 sub	 al, 30h
    124	    01F1  02 D0				 add	 dl, al
    125	    01F3  C3				 ret
    126	    01F4			 scan	 endp
    127
    128						 end	 beg
Turbo Assembler	 Version 2.0	    11/13/15 08:40:33	    Page 4
Symbol Table




Symbol Name			  Type	 Value

??DATE				  Text	 "11/13/15"
??FILENAME			  Text	 "task2	  "
??TIME				  Text	 "08:40:33"
??VERSION			  Number 0200
@CODE				  Text	 DGROUP
@CODESIZE			  Text	 0
@CPU				  Text	 0D0FH
@CURSEG				  Text	 _TEXT
@DATA				  Text	 DGROUP
@DATASIZE			  Text	 0
@FILENAME			  Text	 TASK2
@MODEL				  Text	 1
@WORDSIZE			  Text	 4
BEG				  Near	 DGROUP:0100
CURR_DATE_MSG			  Byte	 DGROUP:0103
HOURS_SET_MSG			  Byte	 DGROUP:0111
MINS_SET_MSG			  Byte	 DGROUP:011F
NL				  Byte	 DGROUP:013F
PRINTAX				  Near	 DGROUP:01C4
SCAN				  Near	 DGROUP:01E0
SECS_SET_MSG			  Byte	 DGROUP:012F
START				  Near	 DGROUP:0142
_LBL5				  Near	 DGROUP:01D6

Groups & Segments		  Bit Size Align  Combine Class

DGROUP				  Group
  _DATA				  16  0000 Word	  Public  DATA
  _TEXT				  16  01F4 Word	  Public  CODE
