Turbo Assembler	 Version 2.0	    10/26/15 22:51:26	    Page 1
src\lab5\task.asm



      1	0000					     .model small
      2	0000					     .stack 100h
      3						     .186
      4	0000					     .data
      5	0000  1E					     row	     db	30
      6	0001  14					     col	     db	20
      7	0002  0A					     color	     db	00001010b
      8	0003  ??					     mode	     db	?
      9	0004  43					     char	     db	'C'
     10	0005					     .code
     11
     12				     ; Получение/установка видеорежима
     13	0000			     b10mode	     proc
     14	0000  60				     pusha
     15	0001  B4 0F				     mov     ah, 0Fh
     16	0003  CD 10				     int     10h
     17	0005  A2 0003r				     mov     mode, al
     18	0008  B8 0003				     mov     ax, 0003h
     19	000B  CD 10				     int     10h
     20	000D  61				     popa
     21	000E  C3				     ret
     22	000F			     b10mode	     endp
     23
     24				     ; Очистка экрана
     25	000F			     c10clear	     proc
     26	000F  60				     pusha
     27	0010  B8 0600				     mov     ax, 0600h
     28	0013  B7 07				     mov     bh, 07
     29	0015  B9 0000				     mov     cx, 0000  ;от 00:00 до
     30	0018  BA 184F				     mov     dx, 184fh ;24:79 (весь	экран)
     31	001B  CD 10				     int     10h       ;Вызвать обработчик прерывания
     32	001D  61				     popa
     33	001E  C3				     ret
     34	001F			     c10clear	     endp
     35
     36				     ; Установка курсора
     37	001F			     d10cursor	     proc
     38	001F  B4 02				     mov     ah, 02
     39	0021  B7 00				     mov     bh, 00
     40	0023  8A 36 0001r			     mov     dh, col
     41	0027  8A 16 0000r			     mov     dl, row
     42	002B  CD 10				     int     10h
     43	002D  C3				     ret
     44	002E			     d10cursor	     endp
     45
     46				     ; Вывод символа на экран
     47	002E			     e10display	     proc
     48	002E  60				     pusha
     49	002F  B4 09				     mov     ah, 09h	     ;запросить вывод (в	текстовом  +
     50				     режиме)
     51	0031  A0 0004r				     mov     al, char	     ;выводимый символ
     52	0034  B7 00				     mov     bh, 00	     ;страница 0
     53	0036  8A 1E 0002r			     mov     bl, color	     ;синий фон, коричневые символы
     54	003A  B9 0009				     mov     cx, 9	     ;число выводимых символов
     55	003D  CD 10				     int     10h	     ;вызвать обработчик		    +
     56				     прерывания
     57	003F  61				     popa
Turbo Assembler	 Version 2.0	    10/26/15 22:51:26	    Page 2
src\lab5\task.asm



     58	0040  C3				     ret
     59	0041			     e10display	     endp
     60
     61				     ; Начало программы
     62	0041  B8 0000s		     start:	     mov     ax, @data
     63	0044  8E D8				     mov     ds, ax
     64
     65	0046  B8 B900				     mov     ax,0b900h
     66	0049  8E C0				     mov     es,ax
     67
     68	004B  E8 FFB2				     call    b10mode
     69	004E  E8 FFBE				     call    c10clear
     70
     71	0051  B9 0005				     mov     cx, 5
     72	0054  E8 FFC8		     _loop:	     call    d10cursor
     73	0057  E8 FFD4				     call    e10display
     74
     75	005A  FE 06 0001r			     inc     col
     76	005E  FE 06 0004r			     inc     char
     77	0062  FE 06 0002r			     inc     color
     78	0066  E2 EC				     loop    _loop
     79
     80
     81	0068  B4 01				     mov     ah, 01h
     82	006A  CD 21				     int     21h
     83
     84	006C  E8 FFA0				     call    c10clear
     85
     86	006F  B4 05				     mov     ah, 05h
     87	0071  B0 01				     mov     al, 01h
     88	0073  CD 10				     int     10h
     89
     90	0075  B8 4C00				     mov     ax, 4c00h
     91	0078  CD 21				     int     21h
     92
     93						     end     start
Turbo Assembler	 Version 2.0	    10/26/15 22:51:26	    Page 3
Symbol Table




Symbol Name			  Type	 Value

??DATE				  Text	 "10/26/15"
??FILENAME			  Text	 "task	  "
??TIME				  Text	 "22:51:26"
??VERSION			  Number 0200
@CODE				  Text	 _TEXT
@CODESIZE			  Text	 0
@CPU				  Text	 0103H
@CURSEG				  Text	 _TEXT
@DATA				  Text	 DGROUP
@DATASIZE			  Text	 0
@FILENAME			  Text	 TASK
@MODEL				  Text	 2
@WORDSIZE			  Text	 2
B10MODE				  Near	 _TEXT:0000
C10CLEAR			  Near	 _TEXT:000F
CHAR				  Byte	 DGROUP:0004
COL				  Byte	 DGROUP:0001
COLOR				  Byte	 DGROUP:0002
D10CURSOR			  Near	 _TEXT:001F
E10DISPLAY			  Near	 _TEXT:002E
MODE				  Byte	 DGROUP:0003
ROW				  Byte	 DGROUP:0000
START				  Near	 _TEXT:0041
_LOOP				  Near	 _TEXT:0054

Groups & Segments		  Bit Size Align  Combine Class

DGROUP				  Group
  STACK				  16  0100 Para	  Stack	  STACK
  _DATA				  16  0005 Word	  Public  DATA
_TEXT				  16  007A Word	  Public  CODE
